[2026-09-01 13:54:37.446 +00:00] [INF] [4] Emby.Server.Implementations.AppBase.BaseConfigurationManager: Setting cache path: "/cache"
[2026-09-01 13:54:38.323 +00:00] [INF] [4] Jellyfin.Server.ServerSetupApp.SetupServer: Kestrel is listening on "0.0.0.0"
[2026-09-01 13:54:38.425 +00:00] [INF] [4] Main: Jellyfin version: "10.11.11"
[2026-09-01 13:54:38.435 +00:00] [INF] [4] Main: Environment Variables: ["[JELLYFIN_CONFIG_DIR, /config/config]", "[JELLYFIN_WEB_DIR, /jellyfin/jellyfin-web]", "[JELLYFIN_CACHE_DIR, /cache]", "[JELLYFIN_DATA_DIR, /config]", "[JELLYFIN_LOG_DIR, /config/log]", "[JELLYFIN_FFMPEG, /usr/lib/jellyfin-ffmpeg/ffmpeg]"]
[2026-09-01 13:54:38.438 +00:00] [INF] [4] Main: Arguments: ["/jellyfin/jellyfin.dll"]
[2026-09-01 13:54:38.441 +00:00] [INF] [4] Main: Operating system: "Debian GNU/Linux 13 (trixie)"
[2026-09-01 13:54:38.441 +00:00] [INF] [4] Main: Architecture: X64
[2026-09-01 13:54:38.442 +00:00] [INF] [4] Main: 64-Bit Process: True
[2026-09-01 13:54:38.442 +00:00] [INF] [4] Main: User Interactive: True
[2026-09-01 13:54:38.442 +00:00] [INF] [4] Main: Processor count: 4
[2026-09-01 13:54:38.442 +00:00] [INF] [4] Main: Program data path: "/config"
[2026-09-01 13:54:38.442 +00:00] [INF] [4] Main: Log directory path: "/config/log"
[2026-09-01 13:54:38.442 +00:00] [INF] [4] Main: Config directory path: "/config/config"
[2026-09-01 13:54:38.443 +00:00] [INF] [4] Main: Cache path: "/cache"
[2026-09-01 13:54:38.443 +00:00] [INF] [4] Main: Temp directory path: "/tmp/jellyfin"
[2026-09-01 13:54:38.443 +00:00] [INF] [4] Main: Web resources path: "/jellyfin/jellyfin-web"
[2026-09-01 13:54:38.444 +00:00] [INF] [4] Main: Application directory: "/jellyfin/"
[2026-09-01 13:54:38.476 +00:00] [INF] [4] Jellyfin.Server.Startup: Storage path `"/config/data"` (Fixed) successfully checked with "75.3GiB" free which is over the minimum of "2GiB".
[2026-09-01 13:54:38.479 +00:00] [INF] [4] Jellyfin.Server.Startup: Storage path `"/cache"` (Fixed) successfully checked with "75.3GiB" free which is over the minimum of "2GiB".
[2026-09-01 13:54:38.479 +00:00] [INF] [4] Jellyfin.Server.Startup: Storage path `"/config"` (Fixed) successfully checked with "75.3GiB" free which is over the minimum of "2GiB".
[2026-09-01 13:54:38.595 +00:00] [INF] [4] Emby.Server.Implementations.AppBase.BaseConfigurationManager: Setting cache path: "/cache"
[2026-09-01 13:54:38.949 +00:00] [INF] [4] Jellyfin.Database.Providers.Sqlite.SqliteDatabaseProvider: SQLite connection string: "Data Source=/config/data/jellyfin.db;Cache=Default;Default Timeout=30;Pooling=True"
[2026-09-01 13:54:38.972 +00:00] [INF] [4] Jellyfin.Database.Providers.Sqlite.SqliteDatabaseProvider: SQLITE connection pragma command set to: 
"PRAGMA locking_mode=NORMAL;
PRAGMA journal_size_limit=134217728;
PRAGMA synchronous=1;
PRAGMA temp_store=2;
"
[2026-09-01 13:54:38.975 +00:00] [INF] [4] Jellyfin.Database.Implementations.Locking.NoLockBehavior: The database locking mode has been set to: NoLock.
[2026-09-01 13:54:39.141 +00:00] [INF] [4] Jellyfin.Server.Migrations.JellyfinMigrationService: Initialise Migration service.
[2026-09-01 13:54:39.142 +00:00] [INF] [4] Jellyfin.Server.Migrations.JellyfinMigrationService: System initialisation detected. Seed data.
[2026-09-01 13:55:03.812 +00:00] [INF] [1] Emby.Server.Implementations.AppBase.BaseConfigurationManager: Setting cache path: "/cache"
[2026-09-01 13:55:04.372 +00:00] [INF] [9] Jellyfin.Server.ServerSetupApp.SetupServer: Kestrel is listening on "0.0.0.0"
[2026-09-01 13:55:04.498 +00:00] [INF] [9] Main: Jellyfin version: "10.11.11"
[2026-09-01 13:55:04.514 +00:00] [INF] [9] Main: Environment Variables: ["[JELLYFIN_DATA_DIR, /config]", "[JELLYFIN_CACHE_DIR, /cache]", "[JELLYFIN_LOG_DIR, /config/log]", "[JELLYFIN_CONFIG_DIR, /config/config]", "[JELLYFIN_WEB_DIR, /jellyfin/jellyfin-web]", "[JELLYFIN_FFMPEG, /usr/lib/jellyfin-ffmpeg/ffmpeg]"]
[2026-09-01 13:55:04.521 +00:00] [INF] [9] Main: Arguments: ["/jellyfin/jellyfin.dll"]
[2026-09-01 13:55:04.522 +00:00] [INF] [9] Main: Operating system: "Debian GNU/Linux 13 (trixie)"
[2026-09-01 13:55:04.522 +00:00] [INF] [9] Main: Architecture: X64
[2026-09-01 13:55:04.523 +00:00] [INF] [9] Main: 64-Bit Process: True
[2026-09-01 13:55:04.524 +00:00] [INF] [9] Main: User Interactive: True
[2026-09-01 13:55:04.524 +00:00] [INF] [9] Main: Processor count: 4
[2026-09-01 13:55:04.524 +00:00] [INF] [9] Main: Program data path: "/config"
[2026-09-01 13:55:04.524 +00:00] [INF] [9] Main: Log directory path: "/config/log"
[2026-09-01 13:55:04.524 +00:00] [INF] [9] Main: Config directory path: "/config/config"
[2026-09-01 13:55:04.525 +00:00] [INF] [9] Main: Cache path: "/cache"
[2026-09-01 13:55:04.528 +00:00] [INF] [9] Main: Temp directory path: "/tmp/jellyfin"
[2026-09-01 13:55:04.530 +00:00] [INF] [9] Main: Web resources path: "/jellyfin/jellyfin-web"
[2026-09-01 13:55:04.530 +00:00] [INF] [9] Main: Application directory: "/jellyfin/"
[2026-09-01 13:55:04.577 +00:00] [INF] [9] Jellyfin.Server.Startup: Storage path `"/config/data"` (Fixed) successfully checked with "75.3GiB" free which is over the minimum of "2GiB".
[2026-09-01 13:55:04.580 +00:00] [INF] [9] Jellyfin.Server.Startup: Storage path `"/cache"` (Fixed) successfully checked with "75.3GiB" free which is over the minimum of "2GiB".
[2026-09-01 13:55:04.580 +00:00] [INF] [9] Jellyfin.Server.Startup: Storage path `"/config"` (Fixed) successfully checked with "75.3GiB" free which is over the minimum of "2GiB".
[2026-09-01 13:55:04.596 +00:00] [INF] [9] Emby.Server.Implementations.AppBase.BaseConfigurationManager: Setting cache path: "/cache"
[2026-09-01 13:55:04.875 +00:00] [INF] [9] Jellyfin.Database.Providers.Sqlite.SqliteDatabaseProvider: SQLite connection string: "Data Source=/config/data/jellyfin.db;Cache=Default;Default Timeout=30;Pooling=True"
[2026-09-01 13:55:04.899 +00:00] [INF] [9] Jellyfin.Database.Providers.Sqlite.SqliteDatabaseProvider: SQLITE connection pragma command set to: 
"PRAGMA locking_mode=NORMAL;
PRAGMA journal_size_limit=134217728;
PRAGMA synchronous=1;
PRAGMA temp_store=2;
"
[2026-09-01 13:55:04.903 +00:00] [INF] [9] Jellyfin.Database.Implementations.Locking.NoLockBehavior: The database locking mode has been set to: NoLock.
[2026-09-01 13:55:05.043 +00:00] [INF] [9] Jellyfin.Server.Migrations.JellyfinMigrationService: Initialise Migration service.
[2026-09-01 13:55:05.044 +00:00] [INF] [9] Jellyfin.Server.Migrations.JellyfinMigrationService: System initialisation detected. Seed data.
[2026-09-01 13:55:08.094 +00:00] [WRN] [7] Microsoft.Extensions.Diagnostics.HealthChecks.DefaultHealthCheckService: Health check "StartupCheck" with status Degraded completed after 4.4637ms with message '"Server is still starting up."'
[2026-09-01 13:55:08.544 +00:00] [INF] [9] Jellyfin.Server.Migrations.JellyfinMigrationService: Seed migration null-"UpdateNormalizedUsername".
[2026-09-01 13:55:08.554 +00:00] [INF] [9] Jellyfin.Server.Migrations.JellyfinMigrationService: Seed migration null-"CleanMusicArtist".
[2026-09-01 13:55:08.555 +00:00] [INF] [9] Jellyfin.Server.Migrations.JellyfinMigrationService: Seed migration ef103419-8451-40d8-9f34-d1a8e93a1679-"CreateUserLoggingConfigFile".
[2026-09-01 13:55:08.560 +00:00] [INF] [9] Jellyfin.Server.Migrations.JellyfinMigrationService: Seed migration 4124c2cd-e939-4ffb-9be9-9b311c413638-"DisableTranscodingThrottling".
[2026-09-01 13:55:08.561 +00:00] [INF] [9] Jellyfin.Server.Migrations.JellyfinMigrationService: Seed migration cf6fabc2-9fbe-4933-84a5-ffe52ef22a58-"FixAudioData".
[2026-09-01 13:55:08.561 +00:00] [INF] [9] Jellyfin.Server.Migrations.JellyfinMigrationService: Seed migration null-"FixDates".
[2026-09-01 13:55:08.561 +00:00] [INF] [9] Jellyfin.Server.Migrations.JellyfinMigrationService: Seed migration null-"FixLibrarySubtitleDownloadLanguages".
[2026-09-01 13:55:08.562 +00:00] [INF] [9] Jellyfin.Server.Migrations.JellyfinMigrationService: Seed migration 615dfa9e-2497-4dbb-a472-61938b752c5b-"FixPlaylistOwner".
[2026-09-01 13:55:08.563 +00:00] [INF] [9] Jellyfin.Server.Migrations.JellyfinMigrationService: Seed migration 3793eb59-bc8c-456c-8b9f-bd5a62a42978-"MigrateActivityLogDb".
[2026-09-01 13:55:08.564 +00:00] [INF] [9] Jellyfin.Server.Migrations.JellyfinMigrationService: Seed migration 5bd72f41-e6f3-4f60-90aa-09869abe0e22-"MigrateAuthenticationDb".
[2026-09-01 13:55:08.565 +00:00] [INF] [9] Jellyfin.Server.Migrations.JellyfinMigrationService: Seed migration 06387815-c3cc-421f-a888-fb5f9992bea8-"MigrateDisplayPreferencesDb".
[2026-09-01 13:55:08.566 +00:00] [INF] [9] Jellyfin.Server.Migrations.JellyfinMigrationService: Seed migration null-"MigrateKeyframeData".
[2026-09-01 13:55:08.568 +00:00] [INF] [9] Jellyfin.Server.Migrations.JellyfinMigrationService: Seed migration null-"MigrateLibraryDb".
[2026-09-01 13:55:08.569 +00:00] [INF] [9] Jellyfin.Server.Migrations.JellyfinMigrationService: Seed migration null-"MigrateLibraryDbCompatibilityCheck".
[2026-09-01 13:55:08.573 +00:00] [INF] [9] Jellyfin.Server.Migrations.JellyfinMigrationService: Seed migration null-"MigrateLibraryUserData".
[2026-09-01 13:55:08.573 +00:00] [INF] [9] Jellyfin.Server.Migrations.JellyfinMigrationService: Seed migration null-"MigrateRatingLevels".
[2026-09-01 13:55:08.574 +00:00] [INF] [9] Jellyfin.Server.Migrations.JellyfinMigrationService: Seed migration 5c4b82a2-f053-4009-bd05-b6fcad82f14c-"MigrateUserDb".
[2026-09-01 13:55:08.574 +00:00] [INF] [9] Jellyfin.Server.Migrations.JellyfinMigrationService: Seed migration null-"MoveExtractedFiles".
[2026-09-01 13:55:08.575 +00:00] [INF] [9] Jellyfin.Server.Migrations.JellyfinMigrationService: Seed migration null-"RefreshInternalDateModified".
[2026-09-01 13:55:08.576 +00:00] [INF] [9] Jellyfin.Server.Migrations.JellyfinMigrationService: Seed migration a81f75e0-8f43-416f-a5e8-516ccab4d8cc-"RemoveDownloadImagesInAdvance".
[2026-09-01 13:55:08.576 +00:00] [INF] [9] Jellyfin.Server.Migrations.JellyfinMigrationService: Seed migration acbe17b7-8435-4a83-8b64-6fcf162cb9bd-"RemoveDuplicateExtras".
[2026-09-01 13:55:08.577 +00:00] [INF] [9] Jellyfin.Server.Migrations.JellyfinMigrationService: Seed migration 96c156a2-7a13-4b3b-a8b8-fb80c94d20c0-"RemoveDuplicatePlaylistChildren".
[2026-09-01 13:55:08.577 +00:00] [INF] [9] Jellyfin.Server.Migrations.JellyfinMigrationService: Seed migration null-"ReseedFolderFlag".
[2026-09-01 13:55:08.578 +00:00] [INF] [9] Jellyfin.Server.Migrations.JellyfinMigrationService: Seed migration 9b354818-94d5-4b68-ac49-e35cb85f9d84-"CreateNetworkConfiguration".
[2026-09-01 13:55:08.578 +00:00] [INF] [9] Jellyfin.Server.Migrations.JellyfinMigrationService: Seed migration a8e61960-7726-4450-8f3d-82c12daabbcb-"MigrateEncodingOptions".
[2026-09-01 13:55:08.579 +00:00] [INF] [9] Jellyfin.Server.Migrations.JellyfinMigrationService: Seed migration a6dcacf4-c057-4ef9-80d3-61cef9ddb4f0-"MigrateMusicBrainzTimeout".
[2026-09-01 13:55:08.579 +00:00] [INF] [9] Jellyfin.Server.Migrations.JellyfinMigrationService: Seed migration 4fb5c950-1991-11ee-9b4b-0800200c9a66-"MigrateNetworkConfiguration".
[2026-09-01 13:55:08.580 +00:00] [INF] [9] Jellyfin.Server.Migrations.JellyfinMigrationService: Seed migration e73b777d-cd5c-4e71-957a-b86b3660b7cf-"RenameEnableGroupingIntoCollections".
[2026-09-01 13:55:08.617 +00:00] [INF] [9] Jellyfin.Server.Migrations.JellyfinMigrationService: Migration system initialisation completed.
[2026-09-01 13:55:08.636 +00:00] [INF] [9] Jellyfin.Server.Migrations.JellyfinMigrationService: There are 0 migrations for stage PreInitialisation.
[2026-09-01 13:55:08.650 +00:00] [INF] [9] Emby.Server.Implementations.AppBase.BaseConfigurationManager: Setting cache path: "/cache"
[2026-09-01 13:55:08.680 +00:00] [INF] [9] Emby.Server.Implementations.ApplicationHost: Loading assemblies
[2026-09-01 13:55:08.766 +00:00] [INF] [9] Jellyfin.Networking.Manager.NetworkManager: Defined LAN subnets: ["127.0.0.1/8", "10.0.0.0/8", "172.16.0.0/12", "192.168.0.0/16"]
[2026-09-01 13:55:08.767 +00:00] [INF] [9] Jellyfin.Networking.Manager.NetworkManager: Defined LAN exclusions: []
[2026-09-01 13:55:08.768 +00:00] [INF] [9] Jellyfin.Networking.Manager.NetworkManager: Used LAN subnets: ["127.0.0.1/8", "10.0.0.0/8", "172.16.0.0/12", "192.168.0.0/16"]
[2026-09-01 13:55:08.771 +00:00] [INF] [9] Jellyfin.Networking.Manager.NetworkManager: Filtered interface addresses: ["127.0.0.1", "172.19.0.6"]
[2026-09-01 13:55:08.771 +00:00] [INF] [9] Jellyfin.Networking.Manager.NetworkManager: Bind Addresses ["0.0.0.0"]
[2026-09-01 13:55:08.771 +00:00] [INF] [9] Jellyfin.Networking.Manager.NetworkManager: Remote IP filter is "Allowlist"
[2026-09-01 13:55:08.772 +00:00] [INF] [9] Jellyfin.Networking.Manager.NetworkManager: Filtered subnets: []
[2026-09-01 13:55:08.976 +00:00] [INF] [9] Jellyfin.Database.Providers.Sqlite.SqliteDatabaseProvider: SQLite connection string: "Data Source=/config/data/jellyfin.db;Cache=Default;Default Timeout=30;Pooling=True"
[2026-09-01 13:55:08.977 +00:00] [INF] [9] Jellyfin.Database.Providers.Sqlite.SqliteDatabaseProvider: SQLITE connection pragma command set to: 
"PRAGMA locking_mode=NORMAL;
PRAGMA journal_size_limit=134217728;
PRAGMA synchronous=1;
PRAGMA temp_store=2;
"
[2026-09-01 13:55:08.978 +00:00] [INF] [9] Jellyfin.Database.Implementations.Locking.NoLockBehavior: The database locking mode has been set to: NoLock.
[2026-09-01 13:55:09.000 +00:00] [INF] [9] Main: Prepare system for possible migrations
[2026-09-01 13:55:09.081 +00:00] [INF] [9] Main: A migration will attempt to modify the jellyfin.db, will attempt to backup the file now.
[2026-09-01 13:55:09.084 +00:00] [INF] [9] Main: Jellyfin database has been backed up as "20260901015509"
[2026-09-01 13:55:09.090 +00:00] [INF] [9] Jellyfin.Server.Migrations.JellyfinMigrationService: There are 0 migrations for stage CoreInitialisation.
[2026-09-01 13:55:09.094 +00:00] [INF] [9] InternalDatabaseMigration: Perform migration "20200514181226_AddActivityLog"
[2026-09-01 13:55:09.203 +00:00] [INF] [9] InternalDatabaseMigration: Migration "20200514181226_AddActivityLog" was successfully applied
[2026-09-01 13:55:09.203 +00:00] [INF] [9] InternalDatabaseMigration: Perform migration "20200613202153_AddUsers"
[2026-09-01 13:55:09.285 +00:00] [INF] [9] InternalDatabaseMigration: Migration "20200613202153_AddUsers" was successfully applied
[2026-09-01 13:55:09.285 +00:00] [INF] [9] InternalDatabaseMigration: Perform migration "20200728005145_AddDisplayPreferences"
[2026-09-01 13:55:09.334 +00:00] [INF] [9] InternalDatabaseMigration: Migration "20200728005145_AddDisplayPreferences" was successfully applied
[2026-09-01 13:55:09.334 +00:00] [INF] [9] InternalDatabaseMigration: Perform migration "20200905220533_FixDisplayPreferencesIndex"
[2026-09-01 13:55:09.355 +00:00] [INF] [9] InternalDatabaseMigration: Migration "20200905220533_FixDisplayPreferencesIndex" was successfully applied
[2026-09-01 13:55:09.355 +00:00] [INF] [9] InternalDatabaseMigration: Perform migration "20201004171403_AddMaxActiveSessions"
[2026-09-01 13:55:09.400 +00:00] [INF] [9] InternalDatabaseMigration: Migration "20201004171403_AddMaxActiveSessions" was successfully applied
[2026-09-01 13:55:09.400 +00:00] [INF] [9] InternalDatabaseMigration: Perform migration "20201204223655_AddCustomDisplayPreferences"
[2026-09-01 13:55:09.457 +00:00] [INF] [9] InternalDatabaseMigration: Migration "20201204223655_AddCustomDisplayPreferences" was successfully applied
[2026-09-01 13:55:09.457 +00:00] [INF] [9] InternalDatabaseMigration: Perform migration "20210320181425_AddIndexesAndCollations"
[2026-09-01 13:55:09.520 +00:00] [WRN] [9] Microsoft.EntityFrameworkCore.Migrations: An operation of type '"SqlOperation"' will be attempted while a rebuild of table '"ImageInfos"' is pending. The database may not be in an expected state. Review the SQL generated by this migration to help diagnose any failures. Consider moving these operations to a subsequent migration.
[2026-09-01 13:55:09.521 +00:00] [WRN] [9] Microsoft.EntityFrameworkCore.Migrations: An operation of type '"SqlOperation"' will be attempted while a rebuild of table '"ImageInfos"' is pending. The database may not be in an expected state. Review the SQL generated by this migration to help diagnose any failures. Consider moving these operations to a subsequent migration.
[2026-09-01 13:55:09.535 +00:00] [WRN] [9] Microsoft.EntityFrameworkCore.Migrations: An operation of type '"SqlOperation"' will be attempted while a rebuild of table '"Permissions"' is pending. The database may not be in an expected state. Review the SQL generated by this migration to help diagnose any failures. Consider moving these operations to a subsequent migration.
[2026-09-01 13:55:09.535 +00:00] [WRN] [9] Microsoft.EntityFrameworkCore.Migrations: An operation of type '"SqlOperation"' will be attempted while a rebuild of table '"Permissions"' is pending. The database may not be in an expected state. Review the SQL generated by this migration to help diagnose any failures. Consider moving these operations to a subsequent migration.
[2026-09-01 13:55:09.541 +00:00] [WRN] [9] Microsoft.EntityFrameworkCore.Migrations: An operation of type '"SqlOperation"' will be attempted while a rebuild of table '"Preferences"' is pending. The database may not be in an expected state. Review the SQL generated by this migration to help diagnose any failures. Consider moving these operations to a subsequent migration.
[2026-09-01 13:55:09.541 +00:00] [WRN] [9] Microsoft.EntityFrameworkCore.Migrations: An operation of type '"SqlOperation"' will be attempted while a rebuild of table '"Preferences"' is pending. The database may not be in an expected state. Review the SQL generated by this migration to help diagnose any failures. Consider moving these operations to a subsequent migration.
[2026-09-01 13:55:09.543 +00:00] [WRN] [9] Microsoft.EntityFrameworkCore.Migrations: An operation of type '"SqlOperation"' will be attempted while a rebuild of table '"Users"' is pending. The database may not be in an expected state. Review the SQL generated by this migration to help diagnose any failures. Consider moving these operations to a subsequent migration.
[2026-09-01 13:55:09.543 +00:00] [WRN] [9] Microsoft.EntityFrameworkCore.Migrations: An operation of type '"SqlOperation"' will be attempted while a rebuild of table '"Users"' is pending. The database may not be in an expected state. Review the SQL generated by this migration to help diagnose any failures. Consider moving these operations to a subsequent migration.
[2026-09-01 13:55:09.566 +00:00] [INF] [9] InternalDatabaseMigration: Migration "20210320181425_AddIndexesAndCollations" was successfully applied
[2026-09-01 13:55:09.566 +00:00] [INF] [9] InternalDatabaseMigration: Perform migration "20210407110544_NullableCustomPrefValue"
[2026-09-01 13:55:09.606 +00:00] [INF] [9] InternalDatabaseMigration: Migration "20210407110544_NullableCustomPrefValue" was successfully applied
[2026-09-01 13:55:09.606 +00:00] [INF] [9] InternalDatabaseMigration: Perform migration "20210814002109_AddDevices"
[2026-09-01 13:55:09.655 +00:00] [INF] [9] InternalDatabaseMigration: Migration "20210814002109_AddDevices" was successfully applied
[2026-09-01 13:55:09.655 +00:00] [INF] [9] InternalDatabaseMigration: Perform migration "20221022080052_AddIndexActivityLogsDateCreated"
[2026-09-01 13:55:09.685 +00:00] [INF] [9] InternalDatabaseMigration: Migration "20221022080052_AddIndexActivityLogsDateCreated" was successfully applied
[2026-09-01 13:55:09.685 +00:00] [INF] [9] InternalDatabaseMigration: Perform migration "20230526173516_RemoveEasyPassword"
[2026-09-01 13:55:09.736 +00:00] [INF] [9] InternalDatabaseMigration: Migration "20230526173516_RemoveEasyPassword" was successfully applied
[2026-09-01 13:55:09.736 +00:00] [INF] [9] InternalDatabaseMigration: Perform migration "20230626233818_AddTrickplayInfos"
[2026-09-01 13:55:09.767 +00:00] [INF] [9] InternalDatabaseMigration: Migration "20230626233818_AddTrickplayInfos" was successfully applied
[2026-09-01 13:55:09.767 +00:00] [INF] [9] InternalDatabaseMigration: Perform migration "20230923170422_UserCastReceiver"
[2026-09-01 13:55:09.793 +00:00] [INF] [9] InternalDatabaseMigration: Migration "20230923170422_UserCastReceiver" was successfully applied
[2026-09-01 13:55:09.794 +00:00] [INF] [9] InternalDatabaseMigration: Perform migration "20240729140605_AddMediaSegments"
[2026-09-01 13:55:09.826 +00:00] [INF] [9] InternalDatabaseMigration: Migration "20240729140605_AddMediaSegments" was successfully applied
[2026-09-01 13:55:09.827 +00:00] [INF] [9] InternalDatabaseMigration: Perform migration "20240928082930_MarkSegmentProviderIdNonNullable"
[2026-09-01 13:55:09.875 +00:00] [INF] [9] InternalDatabaseMigration: Migration "20240928082930_MarkSegmentProviderIdNonNullable" was successfully applied
[2026-09-01 13:55:09.875 +00:00] [INF] [9] InternalDatabaseMigration: Perform migration "20241020103111_LibraryDbMigration"
[2026-09-01 13:55:09.997 +00:00] [INF] [9] InternalDatabaseMigration: Migration "20241020103111_LibraryDbMigration" was successfully applied
[2026-09-01 13:55:09.997 +00:00] [INF] [9] InternalDatabaseMigration: Perform migration "20241111131257_AddedCustomDataKey"
[2026-09-01 13:55:10.056 +00:00] [INF] [9] InternalDatabaseMigration: Migration "20241111131257_AddedCustomDataKey" was successfully applied
[2026-09-01 13:55:10.056 +00:00] [INF] [9] InternalDatabaseMigration: Perform migration "20241111135439_AddedCustomDataKeyKey"
[2026-09-01 13:55:10.176 +00:00] [INF] [9] InternalDatabaseMigration: Migration "20241111135439_AddedCustomDataKeyKey" was successfully applied
[2026-09-01 13:55:10.176 +00:00] [INF] [9] InternalDatabaseMigration: Perform migration "20241112152323_FixAncestorIdConfig"
[2026-09-01 13:55:10.289 +00:00] [INF] [9] InternalDatabaseMigration: Migration "20241112152323_FixAncestorIdConfig" was successfully applied
[2026-09-01 13:55:10.289 +00:00] [INF] [9] InternalDatabaseMigration: Perform migration "20241112232041_FixMediaStreams"
[2026-09-01 13:55:10.413 +00:00] [INF] [9] InternalDatabaseMigration: Migration "20241112232041_FixMediaStreams" was successfully applied
[2026-09-01 13:55:10.413 +00:00] [INF] [9] InternalDatabaseMigration: Perform migration "20241112234144_FixMediaStreams2"
[2026-09-01 13:55:10.571 +00:00] [INF] [9] InternalDatabaseMigration: Migration "20241112234144_FixMediaStreams2" was successfully applied
[2026-09-01 13:55:10.571 +00:00] [INF] [9] InternalDatabaseMigration: Perform migration "20241113133548_EnforceUniqueItemValue"
[2026-09-01 13:55:10.656 +00:00] [INF] [9] InternalDatabaseMigration: Migration "20241113133548_EnforceUniqueItemValue" was successfully applied
[2026-09-01 13:55:10.656 +00:00] [INF] [9] InternalDatabaseMigration: Perform migration "20250202021306_FixedCollation"
[2026-09-01 13:55:10.804 +00:00] [INF] [9] InternalDatabaseMigration: Migration "20250202021306_FixedCollation" was successfully applied
[2026-09-01 13:55:10.805 +00:00] [INF] [9] InternalDatabaseMigration: Perform migration "20250204092455_MakeStartEndDateNullable"
[2026-09-01 13:55:10.959 +00:00] [INF] [9] InternalDatabaseMigration: Migration "20250204092455_MakeStartEndDateNullable" was successfully applied
[2026-09-01 13:55:10.960 +00:00] [INF] [9] InternalDatabaseMigration: Perform migration "20250214031148_ChannelIdGuid"
[2026-09-01 13:55:11.034 +00:00] [INF] [9] InternalDatabaseMigration: Migration "20250214031148_ChannelIdGuid" was successfully applied
[2026-09-01 13:55:11.035 +00:00] [INF] [9] InternalDatabaseMigration: Perform migration "20250326065026_AddInheritedParentalRatingSubValue"
[2026-09-01 13:55:11.131 +00:00] [INF] [9] InternalDatabaseMigration: Migration "20250326065026_AddInheritedParentalRatingSubValue" was successfully applied
[2026-09-01 13:55:11.132 +00:00] [INF] [9] InternalDatabaseMigration: Perform migration "20250327101120_AddKeyframeData"
[2026-09-01 13:55:11.214 +00:00] [INF] [9] InternalDatabaseMigration: Migration "20250327101120_AddKeyframeData" was successfully applied
[2026-09-01 13:55:11.215 +00:00] [INF] [9] InternalDatabaseMigration: Perform migration "20250327171413_AddHdr10PlusFlag"
[2026-09-01 13:55:11.298 +00:00] [INF] [9] InternalDatabaseMigration: Migration "20250327171413_AddHdr10PlusFlag" was successfully applied
[2026-09-01 13:55:11.298 +00:00] [INF] [9] InternalDatabaseMigration: Perform migration "20250331182844_FixAttachmentMigration"
[2026-09-01 13:55:11.456 +00:00] [INF] [9] InternalDatabaseMigration: Migration "20250331182844_FixAttachmentMigration" was successfully applied
[2026-09-01 13:55:11.456 +00:00] [INF] [9] InternalDatabaseMigration: Perform migration "20250401142247_FixAncestors"
[2026-09-01 13:55:11.542 +00:00] [INF] [9] InternalDatabaseMigration: Migration "20250401142247_FixAncestors" was successfully applied
[2026-09-01 13:55:11.543 +00:00] [INF] [9] InternalDatabaseMigration: Perform migration "20250405075612_FixItemValuesIndices"
[2026-09-01 13:55:11.672 +00:00] [INF] [9] InternalDatabaseMigration: Migration "20250405075612_FixItemValuesIndices" was successfully applied
[2026-09-01 13:55:11.673 +00:00] [INF] [9] InternalDatabaseMigration: Perform migration "20250609115616_DetachUserDataInsteadOfDelete"
[2026-09-01 13:55:11.891 +00:00] [INF] [9] InternalDatabaseMigration: Migration "20250609115616_DetachUserDataInsteadOfDelete" was successfully applied
[2026-09-01 13:55:11.891 +00:00] [INF] [9] InternalDatabaseMigration: Perform migration "20250622170802_BaseItemImageInfoDateModifiedNullable"
[2026-09-01 13:55:12.046 +00:00] [INF] [9] InternalDatabaseMigration: Migration "20250622170802_BaseItemImageInfoDateModifiedNullable" was successfully applied
[2026-09-01 13:55:12.046 +00:00] [INF] [9] InternalDatabaseMigration: Perform migration "20250714044826_ResetJournalMode"
[2026-09-01 13:55:12.165 +00:00] [INF] [9] InternalDatabaseMigration: Migration "20250714044826_ResetJournalMode" was successfully applied
[2026-09-01 13:55:12.166 +00:00] [INF] [9] InternalDatabaseMigration: Perform migration "20250913211637_AddProperParentChildRelationBaseItemWithCascade"
[2026-09-01 13:55:12.431 +00:00] [INF] [9] InternalDatabaseMigration: Migration "20250913211637_AddProperParentChildRelationBaseItemWithCascade" was successfully applied
[2026-09-01 13:55:12.431 +00:00] [INF] [9] InternalDatabaseMigration: Perform migration "20250925203415_ExtendPeopleMapKey"
[2026-09-01 13:55:12.602 +00:00] [INF] [9] InternalDatabaseMigration: Migration "20250925203415_ExtendPeopleMapKey" was successfully applied
[2026-09-01 13:55:12.602 +00:00] [INF] [9] InternalDatabaseMigration: Perform migration "20260522092303_AddNormalizedUsername"
[2026-09-01 13:55:12.694 +00:00] [INF] [9] InternalDatabaseMigration: Migration "20260522092303_AddNormalizedUsername" was successfully applied
[2026-09-01 13:55:12.694 +00:00] [INF] [9] InternalDatabaseMigration: Perform migration "20260524120336_AddUniqueNormalizedUsernameIndex"
[2026-09-01 13:55:12.769 +00:00] [INF] [9] InternalDatabaseMigration: Migration "20260524120336_AddUniqueNormalizedUsernameIndex" was successfully applied
[2026-09-01 13:55:13.229 +00:00] [INF] [9] Emby.Server.Implementations.AppBase.BaseConfigurationManager: Saving system configuration
[2026-09-01 13:55:13.232 +00:00] [INF] [9] Emby.Server.Implementations.AppBase.BaseConfigurationManager: Setting cache path: "/cache"
[2026-09-01 13:55:13.251 +00:00] [INF] [9] Emby.Server.Implementations.Plugins.PluginManager: Loaded plugin: "TMDb" "10.11.11.0"
[2026-09-01 13:55:13.253 +00:00] [INF] [9] Emby.Server.Implementations.Plugins.PluginManager: Loaded plugin: "Studio Images" "10.11.11.0"
[2026-09-01 13:55:13.254 +00:00] [INF] [9] Emby.Server.Implementations.Plugins.PluginManager: Loaded plugin: "OMDb" "10.11.11.0"
[2026-09-01 13:55:13.283 +00:00] [INF] [9] Emby.Server.Implementations.Plugins.PluginManager: Loaded plugin: "MusicBrainz" "10.11.11.0"
[2026-09-01 13:55:13.284 +00:00] [INF] [9] Emby.Server.Implementations.Plugins.PluginManager: Loaded plugin: "AudioDB" "10.11.11.0"
[2026-09-01 13:55:13.417 +00:00] [INF] [9] Jellyfin.Server.Migrations.JellyfinMigrationService: There are 5 migrations for stage AppInitialisation.
[2026-09-01 13:55:13.418 +00:00] [INF] [9] InternalCodeMigration: Perform migration "20250420090000_AddDefaultPluginRepository"
[2026-09-01 13:55:13.424 +00:00] [INF] [9] Emby.Server.Implementations.AppBase.BaseConfigurationManager: Saving system configuration
[2026-09-01 13:55:13.425 +00:00] [INF] [9] Emby.Server.Implementations.AppBase.BaseConfigurationManager: Setting cache path: "/cache"
[2026-09-01 13:55:13.426 +00:00] [INF] [9] InternalCodeMigration: Migration "20250420090000_AddDefaultPluginRepository" was successfully applied
[2026-09-01 13:55:13.426 +00:00] [INF] [9] InternalCodeMigration: Perform migration "20250420110000_ReaddDefaultPluginRepository"
[2026-09-01 13:55:13.429 +00:00] [INF] [9] InternalCodeMigration: Migration "20250420110000_ReaddDefaultPluginRepository" was successfully applied
[2026-09-01 13:55:13.430 +00:00] [INF] [9] InternalCodeMigration: Perform migration "20250420160000_AddDefaultCastReceivers"
[2026-09-01 13:55:13.434 +00:00] [INF] [9] Emby.Server.Implementations.AppBase.BaseConfigurationManager: Saving system configuration
[2026-09-01 13:55:13.435 +00:00] [INF] [9] Emby.Server.Implementations.AppBase.BaseConfigurationManager: Setting cache path: "/cache"
[2026-09-01 13:55:13.436 +00:00] [INF] [9] InternalCodeMigration: Migration "20250420160000_AddDefaultCastReceivers" was successfully applied
[2026-09-01 13:55:13.436 +00:00] [INF] [9] InternalCodeMigration: Perform migration "20250420170000_UpdateDefaultPluginRepository"
[2026-09-01 13:55:13.437 +00:00] [INF] [9] Emby.Server.Implementations.AppBase.BaseConfigurationManager: Saving system configuration
[2026-09-01 13:55:13.438 +00:00] [INF] [9] Emby.Server.Implementations.AppBase.BaseConfigurationManager: Setting cache path: "/cache"
[2026-09-01 13:55:13.439 +00:00] [INF] [9] InternalCodeMigration: Migration "20250420170000_UpdateDefaultPluginRepository" was successfully applied
[2026-09-01 13:55:13.439 +00:00] [INF] [9] InternalCodeMigration: Perform migration "20250420230000_MoveTrickplayFiles"
[2026-09-01 13:55:15.026 +00:00] [INF] [9] Jellyfin.Server.Migrations.Routines.MoveTrickplayFiles: Checked: 5000 - Moved: 0 - Time: 00:00:01.5828006
[2026-09-01 13:55:15.029 +00:00] [INF] [9] Jellyfin.Server.Migrations.Routines.MoveTrickplayFiles: Moved 0 items in 00:00:01.5867973
[2026-09-01 13:55:15.033 +00:00] [INF] [9] InternalCodeMigration: Migration "20250420230000_MoveTrickplayFiles" was successfully applied
[2026-09-01 13:55:15.035 +00:00] [INF] [9] Main: Attempt to cleanup JellyfinDb backup.
[2026-09-01 13:55:15.200 +00:00] [INF] [13] Main: Kestrel is listening on "0.0.0.0"
[2026-09-01 13:55:15.290 +00:00] [WRN] [9] Microsoft.AspNetCore.DataProtection.KeyManagement.XmlKeyManager: No XML encryptor configured. Key {41b6d692-c4c9-4cf1-82d6-a314dfe46060} may be persisted to storage in unencrypted form.
[2026-09-01 13:55:17.296 +00:00] [WRN] [13] Microsoft.AspNetCore.StaticFiles.StaticFileMiddleware: The WebRootPath was not found: "/wwwroot". Static files may be unavailable.
[2026-09-01 13:55:19.163 +00:00] [INF] [13] Emby.Server.Implementations.ApplicationHost: Running startup tasks
[2026-09-01 13:55:19.212 +00:00] [INF] [13] Emby.Server.Implementations.ScheduledTasks.TaskManager: Daily trigger for "Generate Trickplay Images" set to fire at 2026-09-02 03:00:00.000 +00:00, which is 13:04:40.7885875 from now.
[2026-09-01 13:55:19.223 +00:00] [INF] [13] Emby.Server.Implementations.ScheduledTasks.TaskManager: Daily trigger for "Extract Chapter Images" set to fire at 2026-09-02 02:00:00.000 +00:00, which is 12:04:40.7764306 from now.
[2026-09-01 13:55:19.469 +00:00] [INF] [13] MediaBrowser.MediaEncoding.Encoder.MediaEncoder: Found ffmpeg version "7.1.4"
[2026-09-01 13:55:19.587 +00:00] [INF] [13] MediaBrowser.MediaEncoding.Encoder.MediaEncoder: Available "decoders": ["libdav1d", "av1", "av1_cuvid", "av1_qsv", "h264", "h264_qsv", "h264_cuvid", "hevc", "hevc_qsv", "hevc_cuvid", "mpeg2video", "mpeg2_qsv", "mpeg2_cuvid", "mpeg4", "mpeg4_cuvid", "msmpeg4", "vc1_qsv", "vc1_cuvid", "vp8", "libvpx", "vp8_cuvid", "vp8_qsv", "vp9", "libvpx-vp9", "vp9_cuvid", "vp9_qsv", "aac", "ac3", "ac4", "dca", "flac", "mp3", "truehd"]
[2026-09-01 13:55:19.624 +00:00] [INF] [13] MediaBrowser.MediaEncoding.Encoder.MediaEncoder: Available "encoders": ["libsvtav1", "av1_nvenc", "av1_qsv", "av1_amf", "av1_vaapi", "libx264", "h264_amf", "h264_nvenc", "h264_qsv", "h264_v4l2m2m", "h264_vaapi", "libx265", "hevc_amf", "hevc_nvenc", "hevc_qsv", "hevc_vaapi", "mjpeg_qsv", "mjpeg_vaapi", "aac", "libfdk_aac", "ac3", "alac", "dca", "flac", "libmp3lame", "libopus", "truehd", "libvorbis", "srt"]
[2026-09-01 13:55:19.668 +00:00] [INF] [13] MediaBrowser.MediaEncoding.Encoder.MediaEncoder: Available filters: ["bwdif_cuda", "bwdif_opencl", "deinterlace_qsv", "deinterlace_vaapi", "flip_vulkan", "hwupload_cuda", "hwupload_vaapi", "libplacebo", "overlay_opencl", "overlay_qsv", "overlay_vaapi", "overlay_vulkan", "overlay_cuda", "procamp_vaapi", "scale_cuda", "scale_opencl", "scale_qsv", "scale_vaapi", "scale_vulkan", "tonemapx", "tonemap_cuda", "tonemap_opencl", "tonemap_vaapi", "transpose_cuda", "transpose_opencl", "transpose_vaapi", "transpose_vulkan", "vpp_qsv", "yadif_cuda", "yadif_opencl", "zscale", "alphasrc"]
[2026-09-01 13:55:20.222 +00:00] [INF] [13] MediaBrowser.MediaEncoding.Encoder.MediaEncoder: Available hwaccel types: ["cuda", "vaapi", "qsv", "drm", "opencl", "vulkan"]
[2026-09-01 13:55:22.261 +00:00] [INF] [17] Emby.Server.Implementations.ScheduledTasks.TaskManager: "Clean Transcode Directory" Completed after 0 minute(s) and 0 seconds
[2026-09-01 13:55:22.273 +00:00] [INF] [7] Emby.Server.Implementations.ScheduledTasks.TaskManager: "Clean up collections and playlists" Completed after 0 minute(s) and 0 seconds
[2026-09-01 13:55:24.318 +00:00] [INF] [9] Emby.Server.Implementations.ScheduledTasks.TaskManager: "Update Plugins" Completed after 0 minute(s) and 2 seconds
[2026-09-01 13:55:34.764 +00:00] [INF] [13] MediaBrowser.MediaEncoding.Encoder.MediaEncoder: FFmpeg: "/usr/lib/jellyfin-ffmpeg/ffmpeg"
[2026-09-01 13:55:34.770 +00:00] [INF] [13] Emby.Server.Implementations.ApplicationHost: ServerId: "8a33739cef8e44df98c4ec00fb604bf8"
[2026-09-01 13:55:34.770 +00:00] [INF] [13] Emby.Server.Implementations.ApplicationHost: Core startup complete
[2026-09-01 13:55:34.771 +00:00] [INF] [13] Main: Startup complete 0:00:31.8004101
[2026-09-01 14:00:57.115 +00:00] [INF] [3] Emby.Server.Implementations.Session.SessionManager: Sending shutdown notifications
[2026-09-01 14:00:57.186 +00:00] [INF] [33] Main: Running query planner optimizations in the database... This might take a while
[2026-09-01 14:00:57.372 +00:00] [INF] [33] Emby.Server.Implementations.ApplicationHost: Disposing "CoreAppHost"
[2026-09-01 14:00:57.384 +00:00] [INF] [33] Emby.Server.Implementations.ApplicationHost: Disposing "MusicBrainzArtistProvider"
[2026-09-01 14:00:57.386 +00:00] [INF] [33] Emby.Server.Implementations.ApplicationHost: Disposing "MusicBrainzAlbumProvider"
[2026-09-01 14:00:57.388 +00:00] [INF] [33] Emby.Server.Implementations.ApplicationHost: Disposing "PluginManager"
[2026-09-01 14:02:31.358 +00:00] [INF] [1] Emby.Server.Implementations.AppBase.BaseConfigurationManager: Setting cache path: "/cache"
[2026-09-01 14:02:32.177 +00:00] [INF] [9] Jellyfin.Server.ServerSetupApp.SetupServer: Kestrel is listening on "0.0.0.0"
[2026-09-01 14:02:32.272 +00:00] [INF] [9] Main: Jellyfin version: "10.11.11"
[2026-09-01 14:02:32.279 +00:00] [INF] [9] Main: Environment Variables: ["[JELLYFIN_DATA_DIR, /config]", "[JELLYFIN_WEB_DIR, /jellyfin/jellyfin-web]", "[JELLYFIN_CACHE_DIR, /cache]", "[JELLYFIN_FFMPEG, /usr/lib/jellyfin-ffmpeg/ffmpeg]", "[JELLYFIN_LOG_DIR, /config/log]", "[JELLYFIN_CONFIG_DIR, /config/config]"]
[2026-09-01 14:02:32.286 +00:00] [INF] [9] Main: Arguments: ["/jellyfin/jellyfin.dll"]
[2026-09-01 14:02:32.288 +00:00] [INF] [9] Main: Operating system: "Debian GNU/Linux 13 (trixie)"
[2026-09-01 14:02:32.289 +00:00] [INF] [9] Main: Architecture: X64
[2026-09-01 14:02:32.290 +00:00] [INF] [9] Main: 64-Bit Process: True
[2026-09-01 14:02:32.290 +00:00] [INF] [9] Main: User Interactive: True
[2026-09-01 14:02:32.290 +00:00] [INF] [9] Main: Processor count: 4
[2026-09-01 14:02:32.290 +00:00] [INF] [9] Main: Program data path: "/config"
[2026-09-01 14:02:32.290 +00:00] [INF] [9] Main: Log directory path: "/config/log"
[2026-09-01 14:02:32.290 +00:00] [INF] [9] Main: Config directory path: "/config/config"
[2026-09-01 14:02:32.290 +00:00] [INF] [9] Main: Cache path: "/cache"
[2026-09-01 14:02:32.290 +00:00] [INF] [9] Main: Temp directory path: "/tmp/jellyfin"
[2026-09-01 14:02:32.291 +00:00] [INF] [9] Main: Web resources path: "/jellyfin/jellyfin-web"
[2026-09-01 14:02:32.291 +00:00] [INF] [9] Main: Application directory: "/jellyfin/"
[2026-09-01 14:02:32.325 +00:00] [INF] [9] Jellyfin.Server.Startup: Storage path `"/config/data"` (Fixed) successfully checked with "75.1GiB" free which is over the minimum of "2GiB".
[2026-09-01 14:02:32.326 +00:00] [INF] [9] Jellyfin.Server.Startup: Storage path `"/cache"` (Fixed) successfully checked with "75.1GiB" free which is over the minimum of "2GiB".
[2026-09-01 14:02:32.326 +00:00] [INF] [9] Jellyfin.Server.Startup: Storage path `"/config"` (Fixed) successfully checked with "75.1GiB" free which is over the minimum of "2GiB".
[2026-09-01 14:02:32.335 +00:00] [INF] [9] Emby.Server.Implementations.AppBase.BaseConfigurationManager: Setting cache path: "/cache"
[2026-09-01 14:02:32.515 +00:00] [INF] [9] Jellyfin.Database.Providers.Sqlite.SqliteDatabaseProvider: SQLite connection string: "Data Source=/config/data/jellyfin.db;Cache=Default;Default Timeout=30;Pooling=True"
[2026-09-01 14:02:32.533 +00:00] [INF] [9] Jellyfin.Database.Providers.Sqlite.SqliteDatabaseProvider: SQLITE connection pragma command set to: 
"PRAGMA locking_mode=NORMAL;
PRAGMA journal_size_limit=134217728;
PRAGMA synchronous=1;
PRAGMA temp_store=2;
"
[2026-09-01 14:02:32.537 +00:00] [INF] [9] Jellyfin.Database.Implementations.Locking.NoLockBehavior: The database locking mode has been set to: NoLock.
[2026-09-01 14:02:32.625 +00:00] [INF] [9] Jellyfin.Server.Migrations.JellyfinMigrationService: Initialise Migration service.
[2026-09-01 14:02:32.626 +00:00] [INF] [9] Jellyfin.Server.Migrations.JellyfinMigrationService: System initialisation detected. Seed data.
[2026-09-01 14:02:34.846 +00:00] [WRN] [13] Microsoft.Extensions.Diagnostics.HealthChecks.DefaultHealthCheckService: Health check "StartupCheck" with status Degraded completed after 4.2756ms with message '"Server is still starting up."'
[2026-09-01 14:02:37.370 +00:00] [INF] [9] Jellyfin.Server.Migrations.JellyfinMigrationService: Migration system initialisation completed.
[2026-09-01 14:02:37.410 +00:00] [INF] [9] Jellyfin.Server.Migrations.JellyfinMigrationService: There are 0 migrations for stage PreInitialisation.
[2026-09-01 14:02:37.438 +00:00] [INF] [9] Emby.Server.Implementations.AppBase.BaseConfigurationManager: Setting cache path: "/cache"
[2026-09-01 14:02:37.567 +00:00] [INF] [9] Emby.Server.Implementations.ApplicationHost: Loading assemblies
[2026-09-01 14:02:37.676 +00:00] [INF] [9] Jellyfin.Networking.Manager.NetworkManager: Defined LAN subnets: ["127.0.0.1/8", "10.0.0.0/8", "172.16.0.0/12", "192.168.0.0/16"]
[2026-09-01 14:02:37.676 +00:00] [INF] [9] Jellyfin.Networking.Manager.NetworkManager: Defined LAN exclusions: []
[2026-09-01 14:02:37.677 +00:00] [INF] [9] Jellyfin.Networking.Manager.NetworkManager: Used LAN subnets: ["127.0.0.1/8", "10.0.0.0/8", "172.16.0.0/12", "192.168.0.0/16"]
[2026-09-01 14:02:37.681 +00:00] [INF] [9] Jellyfin.Networking.Manager.NetworkManager: Filtered interface addresses: ["127.0.0.1", "172.19.0.6"]
[2026-09-01 14:02:37.683 +00:00] [INF] [9] Jellyfin.Networking.Manager.NetworkManager: Bind Addresses ["0.0.0.0"]
[2026-09-01 14:02:37.683 +00:00] [INF] [9] Jellyfin.Networking.Manager.NetworkManager: Remote IP filter is "Allowlist"
[2026-09-01 14:02:37.684 +00:00] [INF] [9] Jellyfin.Networking.Manager.NetworkManager: Filtered subnets: []
[2026-09-01 14:02:38.404 +00:00] [INF] [9] Jellyfin.Database.Providers.Sqlite.SqliteDatabaseProvider: SQLite connection string: "Data Source=/config/data/jellyfin.db;Cache=Default;Default Timeout=30;Pooling=True"
[2026-09-01 14:02:38.404 +00:00] [INF] [9] Jellyfin.Database.Providers.Sqlite.SqliteDatabaseProvider: SQLITE connection pragma command set to: 
"PRAGMA locking_mode=NORMAL;
PRAGMA journal_size_limit=134217728;
PRAGMA synchronous=1;
PRAGMA temp_store=2;
"
[2026-09-01 14:02:38.408 +00:00] [INF] [9] Jellyfin.Database.Implementations.Locking.NoLockBehavior: The database locking mode has been set to: NoLock.
[2026-09-01 14:02:38.442 +00:00] [INF] [9] Main: Prepare system for possible migrations
[2026-09-01 14:02:38.604 +00:00] [INF] [9] Jellyfin.Server.Migrations.JellyfinMigrationService: There are 0 migrations for stage CoreInitialisation.
[2026-09-01 14:02:39.071 +00:00] [INF] [9] Emby.Server.Implementations.Plugins.PluginManager: Loaded plugin: "TMDb" "10.11.11.0"
[2026-09-01 14:02:39.073 +00:00] [INF] [9] Emby.Server.Implementations.Plugins.PluginManager: Loaded plugin: "Studio Images" "10.11.11.0"
[2026-09-01 14:02:39.074 +00:00] [INF] [9] Emby.Server.Implementations.Plugins.PluginManager: Loaded plugin: "OMDb" "10.11.11.0"
[2026-09-01 14:02:39.105 +00:00] [INF] [9] Emby.Server.Implementations.Plugins.PluginManager: Loaded plugin: "MusicBrainz" "10.11.11.0"
[2026-09-01 14:02:39.105 +00:00] [INF] [9] Emby.Server.Implementations.Plugins.PluginManager: Loaded plugin: "AudioDB" "10.11.11.0"
[2026-09-01 14:02:39.288 +00:00] [INF] [9] Jellyfin.Server.Migrations.JellyfinMigrationService: There are 0 migrations for stage AppInitialisation.
[2026-09-01 14:02:40.091 +00:00] [INF] [9] Main: Kestrel is listening on "0.0.0.0"
[2026-09-01 14:02:40.123 +00:00] [WRN] [11] Microsoft.AspNetCore.DataProtection.KeyManagement.XmlKeyManager: No XML encryptor configured. Key {5cd0e4a6-8382-4231-89c8-265cbf3e380a} may be persisted to storage in unencrypted form.
[2026-09-01 14:02:42.857 +00:00] [WRN] [9] Microsoft.AspNetCore.StaticFiles.StaticFileMiddleware: The WebRootPath was not found: "/wwwroot". Static files may be unavailable.
[2026-09-01 14:02:43.154 +00:00] [INF] [9] Emby.Server.Implementations.ApplicationHost: Running startup tasks
[2026-09-01 14:02:43.208 +00:00] [INF] [9] Emby.Server.Implementations.ScheduledTasks.TaskManager: Daily trigger for "Generate Trickplay Images" set to fire at 2026-09-02 03:00:00.000 +00:00, which is 12:57:16.7923558 from now.
[2026-09-01 14:02:43.223 +00:00] [INF] [9] Emby.Server.Implementations.ScheduledTasks.TaskManager: Daily trigger for "Extract Chapter Images" set to fire at 2026-09-02 02:00:00.000 +00:00, which is 11:57:16.7761136 from now.
[2026-09-01 14:02:43.511 +00:00] [INF] [9] MediaBrowser.MediaEncoding.Encoder.MediaEncoder: Found ffmpeg version "7.1.4"
[2026-09-01 14:02:43.621 +00:00] [INF] [9] MediaBrowser.MediaEncoding.Encoder.MediaEncoder: Available "decoders": ["libdav1d", "av1", "av1_cuvid", "av1_qsv", "h264", "h264_qsv", "h264_cuvid", "hevc", "hevc_qsv", "hevc_cuvid", "mpeg2video", "mpeg2_qsv", "mpeg2_cuvid", "mpeg4", "mpeg4_cuvid", "msmpeg4", "vc1_qsv", "vc1_cuvid", "vp8", "libvpx", "vp8_cuvid", "vp8_qsv", "vp9", "libvpx-vp9", "vp9_cuvid", "vp9_qsv", "aac", "ac3", "ac4", "dca", "flac", "mp3", "truehd"]
[2026-09-01 14:02:43.756 +00:00] [INF] [9] MediaBrowser.MediaEncoding.Encoder.MediaEncoder: Available "encoders": ["libsvtav1", "av1_nvenc", "av1_qsv", "av1_amf", "av1_vaapi", "libx264", "h264_amf", "h264_nvenc", "h264_qsv", "h264_v4l2m2m", "h264_vaapi", "libx265", "hevc_amf", "hevc_nvenc", "hevc_qsv", "hevc_vaapi", "mjpeg_qsv", "mjpeg_vaapi", "aac", "libfdk_aac", "ac3", "alac", "dca", "flac", "libmp3lame", "libopus", "truehd", "libvorbis", "srt"]
[2026-09-01 14:02:43.875 +00:00] [INF] [9] MediaBrowser.MediaEncoding.Encoder.MediaEncoder: Available filters: ["bwdif_cuda", "bwdif_opencl", "deinterlace_qsv", "deinterlace_vaapi", "flip_vulkan", "hwupload_cuda", "hwupload_vaapi", "libplacebo", "overlay_opencl", "overlay_qsv", "overlay_vaapi", "overlay_vulkan", "overlay_cuda", "procamp_vaapi", "scale_cuda", "scale_opencl", "scale_qsv", "scale_vaapi", "scale_vulkan", "tonemapx", "tonemap_cuda", "tonemap_opencl", "tonemap_vaapi", "transpose_cuda", "transpose_opencl", "transpose_vaapi", "transpose_vulkan", "vpp_qsv", "yadif_cuda", "yadif_opencl", "zscale", "alphasrc"]
[2026-09-01 14:02:44.939 +00:00] [INF] [9] MediaBrowser.MediaEncoding.Encoder.MediaEncoder: Available hwaccel types: ["cuda", "vaapi", "qsv", "drm", "opencl", "vulkan"]
[2026-09-01 14:02:46.324 +00:00] [INF] [13] Emby.Server.Implementations.ScheduledTasks.TaskManager: "Clean up collections and playlists" Completed after 0 minute(s) and 0 seconds
[2026-09-01 14:02:46.324 +00:00] [INF] [11] Emby.Server.Implementations.ScheduledTasks.TaskManager: "Clean Transcode Directory" Completed after 0 minute(s) and 0 seconds
[2026-09-01 14:02:49.472 +00:00] [INF] [13] Emby.Server.Implementations.ScheduledTasks.TaskManager: "Update Plugins" Completed after 0 minute(s) and 3 seconds
[2026-09-01 14:03:01.210 +00:00] [INF] [9] MediaBrowser.MediaEncoding.Encoder.MediaEncoder: FFmpeg: "/usr/lib/jellyfin-ffmpeg/ffmpeg"
[2026-09-01 14:03:01.215 +00:00] [INF] [9] Emby.Server.Implementations.ApplicationHost: ServerId: "8a33739cef8e44df98c4ec00fb604bf8"
[2026-09-01 14:03:01.215 +00:00] [INF] [9] Emby.Server.Implementations.ApplicationHost: Core startup complete
[2026-09-01 14:03:01.216 +00:00] [INF] [9] Main: Startup complete 0:00:31.0195878
